// Jest Snapshot v1, https://goo.gl/fbAQLP

exports[`Bill Details page renders 1`] = `
<div
  style={
    Object {
      "margin": "0 auto",
      "marginTop": "5vh",
      "width": "65%",
    }
  }
>
  <div
    className="MuiPaper-root-2 MuiPaper-elevation1-5 MuiPaper-rounded-3 MuiCard-root-1"
  >
    <div
      className="MuiCardContent-root-29"
    >
      <h6
        className="MuiTypography-root-30 MuiTypography-h6-47"
      />
      <p />
      <p>
        Sponsored by:
         
        <a
          href="/politicians/undefined"
          onClick={[Function]}
        >
           
           (
          , 
          )
        </a>
      </p>
      <p>
        Introduced(yyyy/mm/dd): 
      </p>
      <p>
         
        <a
          rel="noopener noreferrer"
          target="_blank"
        >
          See more information here
        </a>
      </p>
      <div>
        <button
          className="MuiButtonBase-root-69 MuiCardActionArea-root-66"
          onBlur={[Function]}
          onContextMenu={[Function]}
          onFocus={[Function]}
          onKeyDown={[Function]}
          onKeyUp={[Function]}
          onMouseDown={[Function]}
          onMouseLeave={[Function]}
          onMouseUp={[Function]}
          onTouchEnd={[Function]}
          onTouchMove={[Function]}
          onTouchStart={[Function]}
          tabIndex="0"
          type="button"
        >
          <div
            className="MuiCardActions-root-72"
          >
            <svg
              aria-hidden="true"
              className="MuiSvgIcon-root-75 MuiCardActions-action-74"
              focusable="false"
              onClick={[Function]}
              role="presentation"
              viewBox="0 0 24 24"
            >
              <path
                d="M0 0h24v24H0z"
                fill="none"
              />
              <path
                d="M16.5 3c-1.74 0-3.41.81-4.5 2.09C10.91 3.81 9.24 3 7.5 3 4.42 3 2 5.42 2 8.5c0 3.78 3.4 6.86 8.55 11.54L12 21.35l1.45-1.32C18.6 15.36 22 12.28 22 8.5 22 5.42 19.58 3 16.5 3zm-4.4 15.55l-.1.1-.1-.1C7.14 14.24 4 11.39 4 8.5 4 6.5 5.5 5 7.5 5c1.54 0 3.04.99 3.57 2.36h1.87C13.46 5.99 14.96 5 16.5 5c2 0 3.5 1.5 3.5 3.5 0 2.89-3.14 5.74-7.9 10.05z"
              />
            </svg>
            <svg
              aria-hidden="true"
              className="MuiSvgIcon-root-75 MuiCardActions-action-74"
              focusable="false"
              role="presentation"
              viewBox="0 0 24 24"
            >
              <path
                d="M19 6.41L17.59 5 12 10.59 6.41 5 5 6.41 10.59 12 5 17.59 6.41 19 12 13.41 17.59 19 19 17.59 13.41 12z"
              />
              <path
                d="M0 0h24v24H0z"
                fill="none"
              />
            </svg>
          </div>
          <span
            className="MuiCardActionArea-focusHighlight-68"
          />
          <span
            className="MuiTouchRipple-root-84"
          />
        </button>
      </div>
    </div>
  </div>
</div>
`;
